// Jest Snapshot v1, https://goo.gl/fbAQLP

exports[`Filter Seasons Reducer should handle add a new filter 1`] = `
Array [
  undefined,
]
`;

exports[`Filter Seasons Reducer should handle remove filters 1`] = `Array []`;

exports[`Filter Seasons Reducer should handle reset filter 1`] = `Array []`;

exports[`Filter Seasons Reducer should return initial state 1`] = `Array []`;
